 
****************************************
Report : area
Design : spi_ms
Version: K-2015.06
Date   : Sun Dec 24 22:33:04 2023
****************************************

Library(s) Used:

    scc018v3ebcd_uhd50_rvt_tt_v5p0_25c_basic (File: /home/IC/SPI/Process/lib/scc018v3ebcd_uhd50_rvt_tt_v5p0_25c_basic.db)

Number of ports:                           44
Number of nets:                           428
Number of cells:                          389
Number of combinational cells:            290
Number of sequential cells:                99
Number of macros/black boxes:               0
Number of buf/inv:                         30
Number of references:                      45

Combinational area:               4164.249654
Buf/Inv area:                      198.374401
Noncombinational area:            4712.601498
Macro/Black Box area:                0.000000
Net Interconnect area:      undefined  (No wire load specified)

Total cell area:                  8876.851151
Total area:                 undefined
1
