 
****************************************
Report : timing
        -path full
        -delay min
        -input_pins
        -nets
        -max_paths 1
        -transition_time
        -capacitance
Design : spi_ms
Version: K-2015.06
Date   : Sun Dec 24 22:33:04 2023
****************************************

Operating Conditions: tt_v5p0_25c   Library: scc018v3ebcd_uhd50_rvt_tt_v5p0_25c_basic
Wire Load Model Mode: top

  Startpoint: rst_n_sync_pre_reg/CK
              (internal path startpoint clocked by clk)
  Endpoint: rst_n_sync_reg
            (rising edge-triggered flip-flop clocked by clk)
  Path Group: clk
  Path Type: min

  Point                                       Fanout       Cap     Trans      Incr       Path
  ----------------------------------------------------------------------------------------------
  clock clk (rise edge)                                                       0.00       0.00
  clock network delay (ideal)                                                 0.00       0.00
  input external delay                                                        0.00       0.00 r
  rst_n_sync_pre_reg/CK (DRNQV1_7TV50)                              0.00      0.00       0.00 r
  rst_n_sync_pre_reg/Q (DRNQV1_7TV50)                               0.08      0.55       0.55 f
  rst_n_sync_pre (net)                          1         0.00                0.00       0.55 f
  rst_n_sync_reg/D (DRNQV1_7TV50)                                   0.08      0.00       0.55 f
  data arrival time                                                                      0.55

  clock clk (rise edge)                                                       0.00       0.00
  clock network delay (ideal)                                                 0.00       0.00
  clock uncertainty                                                           0.50       0.50
  rst_n_sync_reg/CK (DRNQV1_7TV50)                                            0.00       0.50 r
  library hold time                                                           0.07       0.57
  data required time                                                                     0.57
  ----------------------------------------------------------------------------------------------
  data required time                                                                     0.57
  data arrival time                                                                     -0.55
  ----------------------------------------------------------------------------------------------
  slack (VIOLATED)                                                                      -0.02


1
